[0m18:15:20.300907 [debug] [MainThread]: Sending event: {'category': 'dbt', 'action': 'invocation', 'label': 'start', 'context': [<snowplow_tracker.self_describing_json.SelfDescribingJson object at 0x114ba9700>, <snowplow_tracker.self_describing_json.SelfDescribingJson object at 0x115273bc0>, <snowplow_tracker.self_describing_json.SelfDescribingJson object at 0x115273800>]}


============================== 18:15:20.305367 | 667b3698-1b79-46c9-9d45-e5e00d69721a ==============================
[0m18:15:20.305367 [info ] [MainThread]: Running with dbt=1.11.8
[0m18:15:20.305847 [debug] [MainThread]: running dbt with arguments {'warn_error': 'None', 'log_path': 'logs', 'invocation_command': 'dbt init nyc_taxi_project', 'cache_selected_only': 'False', 'no_print': 'None', 'write_json': 'True', 'version_check': 'True', 'printer_width': '80', 'warn_error_options': 'WarnErrorOptionsV2(error=[], warn=[], silence=[])', 'profiles_dir': '/Users/shivanirao/.dbt', 'quiet': 'False', 'static_parser': 'True', 'partial_parse': 'True', 'use_colors': 'True', 'introspect': 'True', 'use_experimental_parser': 'False', 'empty': 'None', 'send_anonymous_usage_stats': 'True', 'log_cache_events': 'False', 'target_path': 'None', 'fail_fast': 'False', 'indirect_selection': 'eager', 'debug': 'False', 'log_format': 'default'}
[0m18:15:20.318075 [info ] [MainThread]: Creating dbt configuration folder at /Users/shivanirao/.dbt
[0m18:15:20.319577 [debug] [MainThread]: Starter project path: /Users/shivanirao/miniforge3/lib/python3.12/site-packages/dbt/include/starter_project
[0m18:15:20.323458 [info ] [MainThread]: 
Your new dbt project "nyc_taxi_project" was created!

For more information on how to configure the profiles.yml file,
please consult the dbt documentation here:

  https://docs.getdbt.com/docs/configure-your-profile

One more thing:

Need help? Don't hesitate to reach out to us via GitHub issues or on Slack:

  https://community.getdbt.com/

Happy modeling!

[0m18:15:20.324529 [info ] [MainThread]: Setting up your profile.
[0m18:18:29.756224 [info ] [MainThread]: Profile nyc_taxi_project written to /Users/shivanirao/.dbt/profiles.yml using target's profile_template.yml and your supplied values. Run 'dbt debug' to validate the connection.
[0m18:18:29.829892 [debug] [MainThread]: Resource report: {"command_name": "init", "command_success": true, "command_wall_clock_time": 189.60004, "process_in_blocks": "0", "process_kernel_time": 2.084677, "process_mem_max_rss": "208060416", "process_out_blocks": "0", "process_user_time": 2.974787}
[0m18:18:29.837952 [debug] [MainThread]: Command `dbt init` succeeded at 18:18:29.837573 after 189.61 seconds
[0m18:18:29.840600 [debug] [MainThread]: Sending event: {'category': 'dbt', 'action': 'invocation', 'label': 'end', 'context': [<snowplow_tracker.self_describing_json.SelfDescribingJson object at 0x115273860>, <snowplow_tracker.self_describing_json.SelfDescribingJson object at 0x300add5b0>, <snowplow_tracker.self_describing_json.SelfDescribingJson object at 0x300c15c40>]}
[0m18:18:29.841555 [debug] [MainThread]: Flushing usage events
[0m18:18:30.915291 [debug] [MainThread]: An error was encountered while trying to flush usage events
